Enter transaction code (or 'exit' to quit): Enter username: Login successful.
Enter the game name (up to 25 characters): Enter the price for the game (up to $999.99): Game listed for sale.
Enter username: Enter user type (1-admin, 2-full-standard, 3-buy-standard, 4-sell-standard, 5-account-manager): User created successfully.
Logout successful.