Enter transaction code (or 'exit' to quit): Enter username: Login successful.
Available Games:
Game Name                    Seller           Price
mygame_____________________   admin           100.00
----------------------------------------------------
Mario______________________   admin           100.00
----------------------------------------------------
halo3______________________   admin           100.00
----------------------------------------------------
gameForSale2________________   sellUser        100.00
----------------------------------------------------
Enter the game name you want to buy: Enter the seller's username: Game purchased successfully.
Logout successful.