Enter transaction code (or 'exit' to quit): Enter username: Login successful.
Enter the username: Enter the amount of credit to add: Credit added successfully. New credit for user buyUser: 50.00
Logout successful.