Enter transaction code (or 'exit' to quit): Enter username: Login successful.
Enter the username to delete: User deleted successfully.
Logout successful.