Enter transaction code (or 'exit' to quit): Enter username: Login successful.
Enter the game name (up to 25 characters): Enter the price for the game (up to $999.99): Game listed for sale.
Logout successful.