Enter transaction code (or 'exit' to quit): Enter username: Login successful.
Enter the game name you want to buy: Enter the seller's username: Game purchased successfully.
Logout successful.