Enter transaction code (or 'exit' to quit): Enter username: Login successful.
Enter the buyer's username: Enter the seller's username: Enter the amount of credit to transfer: Refund successful. Transferred 100 credits from sellUser to buyUser.
Logout successful.