Enter transaction code (or 'exit' to quit): Enter username: Login successful.
Available Games:
Game Name                    Seller           Price
mygame_____________________   admin           100.00
----------------------------------------------------
Mario______________________   admin           100.00
----------------------------------------------------
halo3______________________   admin           100.00
----------------------------------------------------
gameForSale________________   sellUser        100.00
----------------------------------------------------
User Information:
Username           User Type     Credit
admin___________   AA           1600.00
-----------------------------
test____________    FS           360.00
-----------------------------
Justin__________    AM          1620.00
-----------------------------
sellUser________    SS          1620.00
-----------------------------
buyUser_________    BS          1620.00
-----------------------------
Logout successful.